LINK : warning L4021: no stack segment

 Start  Stop   Length Name                   Class
 00000H 00D10H 00D11H CALCQ_TEXT             CODE
 00D20H 039A0H 02C81H _TEXT                  CODE
 039B0H 03B3CH 0018DH STARTUP                CODE
 03B40H 03B41H 00002H EMULATOR_TEXT          CODE
 03B50H 03B84H 00035H WRT2ERR_TEXT           CODE
 03B86H 03B86H 00000H C_ETEXT                ENDCODE
 03B86H 03C47H 000C2H MEM_DATA               FAR_DATA
 03C50H 03C50H 00000H EMULATOR_DATA          FAR_DATA
 03C50H 0431DH 006CEH _DATA                  DATA
 0431EH 0432BH 0000EH CDATA                  DATA
 0432CH 04335H 0000AH P_DATA                 DATA
 04336H 04339H 00004H DBDATA                 DATA
 0433AH 0433AH 00000H XIQC                   DATA
 0433AH 0433AH 00000H XIFB                   DATA
 0433AH 0433AH 00000H XIF                    DATA
 0433AH 0433AH 00000H XIFE                   DATA
 0433AH 0433AH 00000H XIB                    DATA
 0433AH 04341H 00008H XI                     DATA
 04342H 04342H 00000H XIE                    DATA
 04342H 04342H 00000H XPB                    DATA
 04342H 04342H 00000H XP                     DATA
 04342H 04342H 00000H XPE                    DATA
 04342H 04342H 00000H XCB                    DATA
 04342H 04342H 00000H XC                     DATA
 04342H 04342H 00000H XCE                    DATA
 04342H 04342H 00000H XCFB                   DATA
 04342H 04342H 00000H XCFCRT                 DATA
 04342H 04342H 00000H XCF                    DATA
 04342H 04342H 00000H XCFE                   DATA
 04342H 04342H 00000H XIFCB                  DATA
 04342H 04342H 00000H XIFU                   DATA
 04342H 04342H 00000H XIFL                   DATA
 04342H 04342H 00000H XIFM                   DATA
 04342H 04342H 00000H XIFCE                  DATA
 04342H 0435BH 0001AH WRT2                   DATA
 0435CH 044A7H 0014CH CONST                  CONST
 044A8H 044AFH 00008H HDR                    MSG
 044B0H 045C6H 00117H MSG                    MSG
 045C7H 045EDH 00027H PAD                    MSG
 045EEH 045EEH 00001H EPAD                   MSG
 045F0H 045F3H 00004H _BSS                   BSS
 045F4H 045F4H 00000H XOB                    BSS
 045F4H 045F4H 00000H XO                     BSS
 045F4H 045F4H 00000H XOE                    BSS
 045F4H 045F4H 00000H XOFB                   BSS
 045F4H 045F4H 00000H XOF                    BSS
 045F4H 045F4H 00000H XOFE                   BSS
 04600H 04607H 00008H c_common               BSS

 Origin   Group
 03C5:0   DGROUP

  Address         Publics by Name

 00D2:08FA       $i4_8
 03C5:030F       $i4_ac_hi
 03C5:0313       $i4_ac_lo
 00D2:0D4E       $i4_add
 00D2:0C9F       $i4_cmp
 00D2:0F36       $i4_div
 00D2:0F34       $i4_divrev
 00D2:18B8       $i4_errdiv0
 00D2:18AE       $i4_errinf
 00D2:18C2       $i4_errinvld
 00D2:18AE       $i4_errminf
 00D2:18AE       $i4_errpinf
 00D2:0B72       $i4_fix
 00D2:0B3E       $i4_fixirnd
 00D2:0B3E       $i4_fixrnd
 00D2:0992       $i4_l
 00D2:0EB0       $i4_mul
 00D2:0E20       $i4_norm
 00D2:097E       $i4_q
 03C5:0302       $i4_result
 00D2:0E4E       $i4_round
 03C5:030D       $i4_round_exp
 03C5:030C       $i4_round_flag
 00D2:0986       $i4_s
 00D2:0D46       $i4_sub
 00D2:0D44       $i4_subrev
 00D2:0A1E       $i4_to_l
 00D2:0A14       $i4_to_lirnd
 00D2:0A14       $i4_to_lrnd
 00D2:0A9C       $i4_to_q
 00D2:0A43       $i4_to_qirnd
 00D2:0A43       $i4_to_qrnd
 00D2:09E1       $i4_to_s
 00D2:09E6       $i4_to_sirnd
 00D2:09E6       $i4_to_srnd
 00D2:09FD       $i4_to_w
 00D2:0A02       $i4_to_wirnd
 00D2:0A02       $i4_to_wrnd
 00D2:097C       $i4_w
 00D2:08B9       $i8_4
 03C5:0327       $i8_ac_hi
 03C5:032F       $i8_ac_lo
 00D2:1063       $i8_add
 00D2:22DE       $i8_addf
 00D2:22E2       $i8_addfsi
 03C5:051E       $i8_arg
 00D2:231A       $i8_clearac
 00D2:0CF2       $i8_cmp
 00D2:1730       $i8_c_pwr
 00D2:12CC       $i8_div
 00D2:22FC       $i8_divf
 00D2:2300       $i8_divfsi
 00D2:2310       $i8_divr
 00D2:2314       $i8_divrdi
 00D2:12CA       $i8_divrev
 00D2:18B8       $i8_errdiv0
 00D2:18AE       $i8_errinf
 00D2:18C2       $i8_errinvld
 00D2:18AE       $i8_errminf
 00D2:18AE       $i8_errpinf
 00D2:18CC       $i8_errstack
 00D2:23D0       $i8_even
 00D2:16CB       $i8_exp
 00D2:16DF       $i8_expadjust
 00D2:24EE       $i8_exphrange
 00D2:2472       $i8_expm1
 00D2:2483       $i8_expm1reduced
 00D2:24F6       $i8_exprange
 00D2:0B62       $i8_fix
 00D2:0B18       $i8_fixirnd
 00D2:0B18       $i8_fixrnd
 03C5:0506       $i8_half
 03C5:0699       $i8_implicit_exp
 00D2:27FD       $i8_input
 03C5:0698       $i8_input_ws
 00D2:09C2       $i8_l
 00D2:15FE       $i8_lgt
 00D2:24B9       $i8_lnreduce
 00D2:24B3       $i8_lnreduceac_hi
 00D2:1614       $i8_log
 03C5:055F       $i8_log_hi
 03C5:0567       $i8_log_lo
 00D2:232A       $i8_movac
 00D2:2333       $i8_movac_arg
 00D2:2347       $i8_movarg
 00D2:2343       $i8_movarg_ac
 00D2:2352       $i8_movtemp
 00D2:1269       $i8_mul
 00D2:22F2       $i8_mulf
 00D2:22F6       $i8_mulfsi
 00D2:1196       $i8_norm
 03C5:050E       $i8_one
 00D2:262A       $i8_output
 00D2:24E9       $i8_overflowrange
 00D2:171A       $i8_pf_pwr
 00D2:182E       $i8_pf_pwr_l
 00D2:238B       $i8_poly
 00D2:2379       $i8_popac
 00D2:2374       $i8_poparg
 00D2:237D       $i8_popsi
 00D2:2362       $i8_pshac
 00D2:235D       $i8_psharg
 00D2:2366       $i8_pshsi
 00D2:1734       $i8_pwr
 00D2:182E       $i8_pwr_l
 03C5:053E       $i8_pzz
 00D2:2406       $i8_p_q
 00D2:09AE       $i8_q
 00D2:24FC       $i8_range
 00D2:2456       $i8_reduce
 03C5:0302       $i8_result
 00D2:24C8       $i8_retone
 00D2:24D2       $i8_retzero
 00D2:11EB       $i8_round
 03C5:0325       $i8_round_exp
 03C5:0324       $i8_round_flag
 00D2:09B6       $i8_s
 00D2:1040       $i8_sub
 00D2:22E8       $i8_subf
 00D2:22EC       $i8_subfsi
 00D2:2306       $i8_subr
 00D2:230A       $i8_subrdi
 00D2:103E       $i8_subrev
 03C5:0526       $i8_temp
 00D2:2AF3       $i8_tmul
 00D2:0A23       $i8_to_l
 00D2:0A19       $i8_to_lirnd
 00D2:0A19       $i8_to_lrnd
 00D2:0A67       $i8_to_q
 00D2:0A48       $i8_to_qirnd
 00D2:0A48       $i8_to_qrnd
 00D2:09EB       $i8_to_s
 00D2:09F0       $i8_to_sirnd
 00D2:09F0       $i8_to_srnd
 00D2:0A07       $i8_to_w
 00D2:0A0C       $i8_to_wirnd
 00D2:0A0C       $i8_to_wrnd
 00D2:2C59       $i8_tpwr10
 03C5:0516       $i8_two
 00D2:09AC       $i8_w
 03C5:052E       $i8_z
 00D2:243C       $i8_z2p_q
 00D2:244D       $i8_z3p_q
 03C5:0536       $i8_zz
 00D2:06A9       B$FCMP
 00D2:02B5       B$FIL2
 00D2:02B6       B$FILD
 00D2:0434       B$FIS2
 00D2:043C       B$FIST
 00D2:0444       B$FUST
 03C5:06F2       cur_wrt2err_len
 03B8:0006       EXE_NUM_PTR_ENTRIES
 03C5:0120       OpTab
 00D2:013E       plc9070_chksum
 00D2:0042       plc9070_crt0dat
 00D2:0142       plc9070_crt0msg
 03B5:0000       plc9070_nmsghdr
 03B8:00A2       PLC_SYS_SEGSEL_TBL_DBG
 03B8:00A8       spares8
 03C5:06F4       wrt2err_str
 03C5:00D2       _80x87int
 03B8:0014       _aib_mem
 03B8:0014       _aii_mem
 03C5:00CE       _aintdiv
 03B8:0014       _aiw_mem
 03B8:0094       _ai_diag_mem
 03B8:0096       _AI_DIAG_TBL_DBG
 03B8:0016       _AI_TBL_DBG
 03B8:0018       _aqb_mem
 03B8:0018       _aqi_mem
 03B8:0018       _aqw_mem
 03B8:0098       _aq_diag_mem
 03B8:009A       _AQ_DIAG_TBL_DBG
 03B8:001A       _AQ_TBL_DBG
 00D2:20CC       _atof
 039B:016D       _bit_mask
 039B:0000       _copy_right
 03C5:09A0       _edata
 03C5:09B8       _end
 03C5:00E0       _errno
 03C5:00C8       _exe_run_already
 03C5:06DE       _exe_using_80x87
 00D2:00DA       _exit
 00D2:07BE       _exp
 03B8:0040       _gab_mem
 03B8:0042       _GA_TBL_DBG
 03B8:0080       _ga_trans_mem
 03B8:0082       _GA_TRANS_TBL_DBG
 03B8:0044       _gbb_mem
 03B8:003C       _gb_mem
 03B8:0046       _GB_TBL_DBG
 03B8:0084       _gb_trans_mem
 03B8:0086       _GB_TRANS_TBL_DBG
 03B8:0048       _gcb_mem
 03B8:004A       _GC_TBL_DBG
 03B8:0088       _gc_trans_mem
 03B8:008A       _GC_TRANS_TBL_DBG
 03B8:004C       _gdb_mem
 03B8:004E       _GD_TBL_DBG
 03B8:008C       _gd_trans_mem
 03B8:008E       _GD_TRANS_TBL_DBG
 03B8:0050       _geb_mem
 03B8:0052       _GE_TBL_DBG
 03B8:0090       _ge_trans_mem
 03B8:0092       _GE_TRANS_TBL_DBG
 03C5:06CC       _GMR_configuration_data
 03B8:003E       _G_TBL_DBG
 03B8:007C       _g_trans_mem
 03B8:007E       _G_TRANS_TBL_DBG
 03B8:001C       _ib_mem
 03B8:0054       _i_diag_mem
 03B8:0056       _I_DIAG_TBL_DBG
 03B8:001E       _I_TBL_DBG
 03B8:005C       _i_trans_mem
 03B8:005E       _I_TRANS_TBL_DBG
 03B8:0008       _lb_mem
 03B8:0008       _li_mem
 00D2:079A       _log
 00D2:07AC       _log10
 03B8:0008       _lw_mem
 03B8:000A       _L_TBL_DBG
 0000:0300       _main
 03B8:0028       _mb_mem
 00D2:21CC       _memmove
 00D2:2296       _memset
 03B8:002A       _M_TBL_DBG
 03B8:0068       _m_trans_mem
 03B8:006A       _M_TRANS_TBL_DBG
 0000:0080       _NeuroNet
 03B8:000C       _pb_mem
 03B8:000C       _pi_mem
 039B:0076       _plc_blk_linkage_ptr_tbl
 039B:007A       _plc_exe_fpmath_use_ptr
 039B:0074       _plc_exe_signature
 03B8:00A6       _PLC_SEGSEL_MEM_SIZES_DBG
 00D2:0788       _pow
 03B8:000C       _pw_mem
 03B8:000E       _P_TBL_DBG
 03B8:0020       _qb_mem
 03B8:0058       _q_diag_mem
 03B8:005A       _Q_DIAG_TBL_DBG
 03B8:0022       _Q_TBL_DBG
 03B8:0060       _q_trans_mem
 03B8:0062       _Q_TRANS_TBL_DBG
 03B8:0010       _rb_mem
 03B8:0010       _ri_mem
 03B8:009C       _rsb_mem
 03B8:009E       _RSB_TBL_DBG
 03B8:0010       _rw_mem
 03B8:0012       _R_TBL_DBG
 03B8:002C       _sab_mem
 03B8:002E       _SA_TBL_DBG
 03B8:006C       _sa_trans_mem
 03B8:006E       _SA_TRANS_TBL_DBG
 03B8:0030       _sbb_mem
 03B8:0038       _sb_mem
 03B8:0032       _SB_TBL_DBG
 03B8:0070       _sb_trans_mem
 03B8:0072       _SB_TRANS_TBL_DBG
 03B8:0034       _scb_mem
 03B8:0036       _SC_TBL_DBG
 03B8:0074       _sc_trans_mem
 03B8:0076       _SC_TRANS_TBL_DBG
 03C5:015C       _STKHQQ
 00D2:2076       _strcpy
 00D2:20B2       _strlen
 03B8:00A4       _sys_mem_sizes
 03B8:00A0       _sys_seg_tbl
 03B8:003A       _S_TBL_DBG
 03B8:0078       _s_trans_mem
 03B8:007A       _S_TRANS_TBL_DBG
 0000:0000       _tansig
 03B8:0024       _tb_mem
 03B8:0026       _T_TBL_DBG
 03B8:0064       _t_trans_mem
 03B8:0066       _T_TRANS_TBL_DBG
 03C5:00D2       __80x87int
 03C5:0158       __aaltstkovr
 03C5:00CE       __acfinfo
 0000:9876  Abs  __acrtmsg
 0000:9876  Abs  __acrtused
 0000:D6D6  Abs  __aDBdoswp
 03C5:00CB       __aexit_rtn
 00D2:257A       __aFahdiff
 00D2:07DA       __aFchkstk
 00D2:07C7       __aFCIexp
 00D2:07A3       __aFCIlog
 00D2:07B5       __aFCIlog10
 00D2:0791       __aFCIpow
 00D2:0770       __aFdcvt
 00D2:0665       __aFeaddd
 00D2:05A6       __aFeadds
 00D2:0635       __aFedivd
 00D2:064D       __aFedivdr
 00D2:0576       __aFedivs
 00D2:058E       __aFedivsr
 00D2:020C       __aFeldd
 00D2:0299       __aFeldl
 00D2:01C0       __aFelds
 00D2:02A6       __aFeldw
 00D2:061D       __aFemuld
 00D2:055E       __aFemuls
 00D2:03B5       __aFestd
 00D2:03CD       __aFestdp
 00D2:0367       __aFests
 00D2:037F       __aFestsp
 00D2:05ED       __aFesubd
 00D2:0605       __aFesubdr
 00D2:052E       __aFesubs
 00D2:0546       __aFesubsr
 00D2:04DF       __aFfabs
 00D2:06A4       __aFfadd
 00D2:066C       __aFfaddd
 00D2:05AD       __aFfadds
 00D2:04EE       __aFfchs
 00D2:06AE       __aFfcmp
 00D2:06A9       __aFfcompp
 00D2:069A       __aFfdiv
 00D2:063C       __aFfdivd
 00D2:0654       __aFfdivdr
 00D2:069F       __aFfdivr
 00D2:057D       __aFfdivs
 00D2:0595       __aFfdivsr
 00D2:030A       __aFfdup
 00D2:07D0       __aFfld1
 00D2:022C       __aFfldd
 00D2:02AC       __aFfldl
 00D2:01DE       __aFflds
 00D2:0261       __aFfldt
 00D2:02B3       __aFfldw
 00D2:0339       __aFfldz
 00D2:0695       __aFfmul
 00D2:0624       __aFfmuld
 00D2:0565       __aFfmuls
 00D2:03B1       __aFfstd
 00D2:03C9       __aFfstdp
 00D2:0363       __aFfsts
 00D2:037B       __aFfstsp
 00D2:03FA       __aFfstt
 00D2:0411       __aFfsttp
 00D2:068B       __aFfsub
 00D2:05F4       __aFfsubd
 00D2:060C       __aFfsubdr
 00D2:0690       __aFfsubr
 00D2:0535       __aFfsubs
 00D2:054D       __aFfsubsr
 00D2:0479       __aFftol
 00D2:04B2       __aFftst
 00D2:074A       __aFfxch
 00D2:073C       __aFfxchq
 00D2:065D       __aFsaddd
 00D2:059E       __aFsadds
 00D2:062D       __aFsdivd
 00D2:0645       __aFsdivdr
 00D2:056E       __aFsdivs
 00D2:0586       __aFsdivsr
 00D2:0208       __aFsldd
 00D2:0295       __aFsldl
 00D2:01BC       __aFslds
 00D2:025B       __aFsldt
 00D2:02A2       __aFsldw
 00D2:0615       __aFsmuld
 00D2:0556       __aFsmuls
 00D2:03AD       __aFsstd
 00D2:03C5       __aFsstdp
 00D2:035F       __aFssts
 00D2:0377       __aFsstsp
 00D2:03F6       __aFsstt
 00D2:040D       __aFssttp
 00D2:05E5       __aFssubd
 00D2:05FD       __aFssubdr
 00D2:0526       __aFssubs
 00D2:053E       __aFssubsr
 0000:1000  Abs  __AHINCR
 0000:000C  Abs  __AHSHIFT
 03C5:00CE       __aintdiv
 00D2:002D       __amsg_exit
 03C5:017E       __asizeC
 03C5:017F       __asizeD
 039B:0084       __astart
 03C5:00C9       __atopsp
 00D2:1FE4       __cfltcvt
 03C5:015E       __cfltcvt_tab
 00D2:1BD4       __cftoe
 00D2:1D8C       __cftof
 00D2:1F10       __cftog
 00D2:07DA       __chkstk
 00D2:0042       __cinit
 00D2:0010       __cintDIV
 00D2:1A43       __cintrindisp1
 00D2:1A0B       __cintrindisp2
 03C5:00EB       __cpumode
 00D2:1AE0       __cropzeros
 00D2:1932       __ctrandisp1
 00D2:191A       __ctrandisp2
 03C5:0404       __ctype
 03C5:0404       __ctype_
 00D2:003F       __dataseg
 00D2:0770       __dcvt
 00D2:087A       __dcvtdisi
 00D2:086B       __dcvtst0
 00D2:0877       __dcvtst0a
 00D2:0853       __dmovtmpesbx
 00D2:0855       __dmovtmpessi
 03C5:00EC       __doserrno
 03C5:00E8       __dosvermajor
 03C5:00E9       __dosverminor
 00D2:0665       __eaddd
 00D2:05A6       __eadds
 03C5:09A0       __edata
 00D2:0635       __edivd
 00D2:064D       __edivdr
 00D2:0576       __edivs
 00D2:058E       __edivsr
 00D2:020C       __eldd
 00D2:0299       __eldl
 00D2:01C0       __elds
 00D2:02A6       __eldw
 03B4:0000       __EmDataSeg
 00D2:061D       __emuld
 00D2:055E       __emuls
 03C5:09B8       __end
 03C5:0102       __environ
 00D2:03B5       __estd
 00D2:03CD       __estdp
 00D2:0367       __ests
 00D2:037F       __estsp
 00D2:05ED       __esubd
 00D2:0605       __esubdr
 00D2:052E       __esubs
 00D2:0546       __esubsr
 00D2:00E1       __exit
 00D2:04DF       __fabs
 03C5:00D6       __fac
 00D2:06A4       __fadd
 00D2:066C       __faddd
 00D2:05AD       __fadds
 00D2:1B82       __fassign
 00D2:04EE       __fchs
 00D2:06AE       __fcmp
 00D2:06A9       __fcompp
 03C5:03C8       __fcsp
 03C5:0184       __fctmp
 03C5:02EE       __fctopst
 00D2:069A       __fdiv
 00D2:063C       __fdivd
 00D2:0654       __fdivdr
 00D2:069F       __fdivr
 00D2:057D       __fdivs
 00D2:0595       __fdivsr
 00D2:030A       __fdup
 00D2:0142       __FF_MSGBANNER
 00D2:022C       __fldd
 00D2:02AC       __fldl
 00D2:01DE       __flds
 00D2:0261       __fldt
 00D2:02B3       __fldw
 00D2:0339       __fldz
 00D2:2751       __fltin
 00D2:272A       __fltinf
 00D2:2520       __fltout
 0000:9876  Abs  __fltused
 00D2:0695       __fmul
 00D2:0624       __fmuld
 00D2:0565       __fmuls
 00D2:1A72       __forcdecpt
 03C5:06D0       __fpinit
 03C5:06D0       __fpinit_
 03C5:06E2       __fpint87_addr
 00D2:0804       __fpmath
 00D2:0832       __FPNumStack
 03C5:0180       __fpsigadr
 00D2:18DF       __fpsignal
 00D2:2124       __fptostr
 00D2:07FE       __fptrap
 00D2:03B1       __fstd
 00D2:03C9       __fstdp
 00D2:0363       __fsts
 00D2:037B       __fstsp
 00D2:03FA       __fstt
 00D2:0411       __fsttp
 00D2:068B       __fsub
 00D2:05F4       __fsubd
 00D2:060C       __fsubdr
 00D2:0690       __fsubr
 00D2:0535       __fsubs
 00D2:054D       __fsubsr
 00D2:0479       __ftol
 00D2:04B2       __ftst
 00D2:074A       __fxch
 00D2:073C       __fxchq
 03C5:05FA       __HUGE
 00D2:2C80       __Init80x87
 0000:9876  Abs  __ldused
 00D2:256B       __matherr
 03C5:0602       __matherr_flag
 03C5:09B0       __mbac
 00D2:0144       __NMSG_TEXT
 00D2:016F       __NMSG_WRITE
 00D2:013E       __nullcheck
 03C5:00EC       __oserr
 03C5:00EE       __osfile
 03C5:00E8       __osmajor
 03C5:00E9       __osminor
 03C5:00EA       __osmode
 03C5:00E8       __osversion
 03C5:0106       __pgmptr
 00D2:1B5A       __positive
 03C5:00E6       __psp
 03C5:00E4       __pspadr
 00D2:065D       __saddd
 00D2:059E       __sadds
 00D2:062D       __sdivd
 00D2:0645       __sdivdr
 00D2:056E       __sdivs
 00D2:0586       __sdivsr
 03C5:017C       __sigintoff
 03C5:017A       __sigintseg
 00D2:0208       __sldd
 00D2:0295       __sldl
 00D2:01BC       __slds
 00D2:025B       __sldt
 00D2:02A2       __sldw
 00D2:083D       __smovtmpesbx
 00D2:083F       __smovtmpessi
 00D2:0615       __smuld
 00D2:0556       __smuls
 00D2:03AD       __sstd
 00D2:03C5       __sstdp
 00D2:035F       __ssts
 00D2:0377       __sstsp
 00D2:03F6       __sstt
 00D2:040D       __ssttp
 00D2:05E5       __ssubd
 00D2:05FD       __ssubdr
 00D2:0526       __ssubs
 00D2:053E       __ssubsr
 03C5:00E2       __umaskval
 03B5:0000       __wrt2err
 03C5:06E8       ___aDBswpchk
 03C5:06E6       ___aDBswpflg

  Address         Publics by Value

 0000:0000       _tansig
 0000:000C  Abs  __AHSHIFT
 0000:0080       _NeuroNet
 0000:0300       _main
 00D2:0010       __cintDIV
 00D2:002D       __amsg_exit
 00D2:003F       __dataseg
 00D2:0042       plc9070_crt0dat
 00D2:0042       __cinit
 00D2:00DA       _exit
 00D2:00E1       __exit
 00D2:013E       plc9070_chksum
 00D2:013E       __nullcheck
 00D2:0142       plc9070_crt0msg
 00D2:0142       __FF_MSGBANNER
 00D2:0144       __NMSG_TEXT
 00D2:016F       __NMSG_WRITE
 00D2:01BC       __aFslds
 00D2:01BC       __slds
 00D2:01C0       __elds
 00D2:01C0       __aFelds
 00D2:01DE       __flds
 00D2:01DE       __aFflds
 00D2:0208       __aFsldd
 00D2:0208       __sldd
 00D2:020C       __eldd
 00D2:020C       __aFeldd
 00D2:022C       __aFfldd
 00D2:022C       __fldd
 00D2:025B       __aFsldt
 00D2:025B       __sldt
 00D2:0261       __aFfldt
 00D2:0261       __fldt
 00D2:0295       __sldl
 00D2:0295       __aFsldl
 00D2:0299       __aFeldl
 00D2:0299       __eldl
 00D2:02A2       __aFsldw
 00D2:02A2       __sldw
 00D2:02A6       __eldw
 00D2:02A6       __aFeldw
 00D2:02AC       __aFfldl
 00D2:02AC       __fldl
 00D2:02B3       __aFfldw
 00D2:02B3       __fldw
 00D2:02B5       B$FIL2
 00D2:02B6       B$FILD
 0000:1000  Abs  __AHINCR
 00D2:030A       __fdup
 00D2:030A       __aFfdup
 00D2:0339       __aFfldz
 00D2:0339       __fldz
 00D2:035F       __aFssts
 00D2:035F       __ssts
 00D2:0363       __fsts
 00D2:0363       __aFfsts
 00D2:0367       __aFests
 00D2:0367       __ests
 00D2:0377       __sstsp
 00D2:0377       __aFsstsp
 00D2:037B       __fstsp
 00D2:037B       __aFfstsp
 00D2:037F       __aFestsp
 00D2:037F       __estsp
 00D2:03AD       __sstd
 00D2:03AD       __aFsstd
 00D2:03B1       __fstd
 00D2:03B1       __aFfstd
 00D2:03B5       __aFestd
 00D2:03B5       __estd
 00D2:03C5       __sstdp
 00D2:03C5       __aFsstdp
 00D2:03C9       __fstdp
 00D2:03C9       __aFfstdp
 00D2:03CD       __estdp
 00D2:03CD       __aFestdp
 00D2:03F6       __sstt
 00D2:03F6       __aFsstt
 00D2:03FA       __aFfstt
 00D2:03FA       __fstt
 00D2:040D       __aFssttp
 00D2:040D       __ssttp
 00D2:0411       __fsttp
 00D2:0411       __aFfsttp
 00D2:0434       B$FIS2
 00D2:043C       B$FIST
 00D2:0444       B$FUST
 00D2:0479       __aFftol
 00D2:0479       __ftol
 00D2:04B2       __aFftst
 00D2:04B2       __ftst
 00D2:04DF       __aFfabs
 00D2:04DF       __fabs
 00D2:04EE       __fchs
 00D2:04EE       __aFfchs
 00D2:0526       __aFssubs
 00D2:0526       __ssubs
 00D2:052E       __esubs
 00D2:052E       __aFesubs
 00D2:0535       __fsubs
 00D2:0535       __aFfsubs
 00D2:053E       __ssubsr
 00D2:053E       __aFssubsr
 00D2:0546       __esubsr
 00D2:0546       __aFesubsr
 00D2:054D       __aFfsubsr
 00D2:054D       __fsubsr
 00D2:0556       __smuls
 00D2:0556       __aFsmuls
 00D2:055E       __emuls
 00D2:055E       __aFemuls
 00D2:0565       __fmuls
 00D2:0565       __aFfmuls
 00D2:056E       __sdivs
 00D2:056E       __aFsdivs
 00D2:0576       __edivs
 00D2:0576       __aFedivs
 00D2:057D       __fdivs
 00D2:057D       __aFfdivs
 00D2:0586       __sdivsr
 00D2:0586       __aFsdivsr
 00D2:058E       __edivsr
 00D2:058E       __aFedivsr
 00D2:0595       __aFfdivsr
 00D2:0595       __fdivsr
 00D2:059E       __sadds
 00D2:059E       __aFsadds
 00D2:05A6       __eadds
 00D2:05A6       __aFeadds
 00D2:05AD       __fadds
 00D2:05AD       __aFfadds
 00D2:05E5       __ssubd
 00D2:05E5       __aFssubd
 00D2:05ED       __esubd
 00D2:05ED       __aFesubd
 00D2:05F4       __aFfsubd
 00D2:05F4       __fsubd
 00D2:05FD       __aFssubdr
 00D2:05FD       __ssubdr
 00D2:0605       __esubdr
 00D2:0605       __aFesubdr
 00D2:060C       __aFfsubdr
 00D2:060C       __fsubdr
 00D2:0615       __smuld
 00D2:0615       __aFsmuld
 00D2:061D       __emuld
 00D2:061D       __aFemuld
 00D2:0624       __aFfmuld
 00D2:0624       __fmuld
 00D2:062D       __sdivd
 00D2:062D       __aFsdivd
 00D2:0635       __edivd
 00D2:0635       __aFedivd
 00D2:063C       __aFfdivd
 00D2:063C       __fdivd
 00D2:0645       __sdivdr
 00D2:0645       __aFsdivdr
 00D2:064D       __edivdr
 00D2:064D       __aFedivdr
 00D2:0654       __fdivdr
 00D2:0654       __aFfdivdr
 00D2:065D       __aFsaddd
 00D2:065D       __saddd
 00D2:0665       __eaddd
 00D2:0665       __aFeaddd
 00D2:066C       __aFfaddd
 00D2:066C       __faddd
 00D2:068B       __aFfsub
 00D2:068B       __fsub
 00D2:0690       __fsubr
 00D2:0690       __aFfsubr
 00D2:0695       __fmul
 00D2:0695       __aFfmul
 00D2:069A       __fdiv
 00D2:069A       __aFfdiv
 00D2:069F       __fdivr
 00D2:069F       __aFfdivr
 00D2:06A4       __fadd
 00D2:06A4       __aFfadd
 00D2:06A9       __fcompp
 00D2:06A9       __aFfcompp
 00D2:06A9       B$FCMP
 00D2:06AE       __aFfcmp
 00D2:06AE       __fcmp
 00D2:073C       __aFfxchq
 00D2:073C       __fxchq
 00D2:074A       __aFfxch
 00D2:074A       __fxch
 00D2:0770       __dcvt
 00D2:0770       __aFdcvt
 00D2:0788       _pow
 00D2:0791       __aFCIpow
 00D2:079A       _log
 00D2:07A3       __aFCIlog
 00D2:07AC       _log10
 00D2:07B5       __aFCIlog10
 00D2:07BE       _exp
 00D2:07C7       __aFCIexp
 00D2:07D0       __aFfld1
 00D2:07DA       __chkstk
 00D2:07DA       __aFchkstk
 00D2:07FE       __fptrap
 00D2:0804       __fpmath
 00D2:0832       __FPNumStack
 00D2:083D       __smovtmpesbx
 00D2:083F       __smovtmpessi
 00D2:0853       __dmovtmpesbx
 00D2:0855       __dmovtmpessi
 00D2:086B       __dcvtst0
 00D2:0877       __dcvtst0a
 00D2:087A       __dcvtdisi
 00D2:08B9       $i8_4
 00D2:08FA       $i4_8
 00D2:097C       $i4_w
 00D2:097E       $i4_q
 00D2:0986       $i4_s
 00D2:0992       $i4_l
 00D2:09AC       $i8_w
 00D2:09AE       $i8_q
 00D2:09B6       $i8_s
 00D2:09C2       $i8_l
 00D2:09E1       $i4_to_s
 00D2:09E6       $i4_to_srnd
 00D2:09E6       $i4_to_sirnd
 00D2:09EB       $i8_to_s
 00D2:09F0       $i8_to_srnd
 00D2:09F0       $i8_to_sirnd
 00D2:09FD       $i4_to_w
 00D2:0A02       $i4_to_wrnd
 00D2:0A02       $i4_to_wirnd
 00D2:0A07       $i8_to_w
 00D2:0A0C       $i8_to_wrnd
 00D2:0A0C       $i8_to_wirnd
 00D2:0A14       $i4_to_lirnd
 00D2:0A14       $i4_to_lrnd
 00D2:0A19       $i8_to_lrnd
 00D2:0A19       $i8_to_lirnd
 00D2:0A1E       $i4_to_l
 00D2:0A23       $i8_to_l
 00D2:0A43       $i4_to_qirnd
 00D2:0A43       $i4_to_qrnd
 00D2:0A48       $i8_to_qirnd
 00D2:0A48       $i8_to_qrnd
 00D2:0A67       $i8_to_q
 00D2:0A9C       $i4_to_q
 00D2:0B18       $i8_fixirnd
 00D2:0B18       $i8_fixrnd
 00D2:0B3E       $i4_fixirnd
 00D2:0B3E       $i4_fixrnd
 00D2:0B62       $i8_fix
 00D2:0B72       $i4_fix
 00D2:0C9F       $i4_cmp
 00D2:0CF2       $i8_cmp
 00D2:0D44       $i4_subrev
 00D2:0D46       $i4_sub
 00D2:0D4E       $i4_add
 00D2:0E20       $i4_norm
 00D2:0E4E       $i4_round
 00D2:0EB0       $i4_mul
 00D2:0F34       $i4_divrev
 00D2:0F36       $i4_div
 00D2:103E       $i8_subrev
 00D2:1040       $i8_sub
 00D2:1063       $i8_add
 00D2:1196       $i8_norm
 00D2:11EB       $i8_round
 00D2:1269       $i8_mul
 00D2:12CA       $i8_divrev
 00D2:12CC       $i8_div
 00D2:15FE       $i8_lgt
 00D2:1614       $i8_log
 00D2:16CB       $i8_exp
 00D2:16DF       $i8_expadjust
 00D2:171A       $i8_pf_pwr
 00D2:1730       $i8_c_pwr
 00D2:1734       $i8_pwr
 00D2:182E       $i8_pf_pwr_l
 00D2:182E       $i8_pwr_l
 00D2:18AE       $i4_errminf
 00D2:18AE       $i4_errpinf
 00D2:18AE       $i8_errinf
 00D2:18AE       $i8_errminf
 00D2:18AE       $i4_errinf
 00D2:18AE       $i8_errpinf
 00D2:18B8       $i8_errdiv0
 00D2:18B8       $i4_errdiv0
 00D2:18C2       $i4_errinvld
 00D2:18C2       $i8_errinvld
 00D2:18CC       $i8_errstack
 00D2:18DF       __fpsignal
 00D2:191A       __ctrandisp2
 00D2:1932       __ctrandisp1
 00D2:1A0B       __cintrindisp2
 00D2:1A43       __cintrindisp1
 00D2:1A72       __forcdecpt
 00D2:1AE0       __cropzeros
 00D2:1B5A       __positive
 00D2:1B82       __fassign
 00D2:1BD4       __cftoe
 00D2:1D8C       __cftof
 00D2:1F10       __cftog
 00D2:1FE4       __cfltcvt
 00D2:2076       _strcpy
 00D2:20B2       _strlen
 00D2:20CC       _atof
 00D2:2124       __fptostr
 00D2:21CC       _memmove
 00D2:2296       _memset
 00D2:22DE       $i8_addf
 00D2:22E2       $i8_addfsi
 00D2:22E8       $i8_subf
 00D2:22EC       $i8_subfsi
 00D2:22F2       $i8_mulf
 00D2:22F6       $i8_mulfsi
 00D2:22FC       $i8_divf
 00D2:2300       $i8_divfsi
 00D2:2306       $i8_subr
 00D2:230A       $i8_subrdi
 00D2:2310       $i8_divr
 00D2:2314       $i8_divrdi
 00D2:231A       $i8_clearac
 00D2:232A       $i8_movac
 00D2:2333       $i8_movac_arg
 00D2:2343       $i8_movarg_ac
 00D2:2347       $i8_movarg
 00D2:2352       $i8_movtemp
 00D2:235D       $i8_psharg
 00D2:2362       $i8_pshac
 00D2:2366       $i8_pshsi
 00D2:2374       $i8_poparg
 00D2:2379       $i8_popac
 00D2:237D       $i8_popsi
 00D2:238B       $i8_poly
 00D2:23D0       $i8_even
 00D2:2406       $i8_p_q
 00D2:243C       $i8_z2p_q
 00D2:244D       $i8_z3p_q
 00D2:2456       $i8_reduce
 00D2:2472       $i8_expm1
 00D2:2483       $i8_expm1reduced
 00D2:24B3       $i8_lnreduceac_hi
 00D2:24B9       $i8_lnreduce
 00D2:24C8       $i8_retone
 00D2:24D2       $i8_retzero
 00D2:24E9       $i8_overflowrange
 00D2:24EE       $i8_exphrange
 00D2:24F6       $i8_exprange
 00D2:24FC       $i8_range
 00D2:2520       __fltout
 00D2:256B       __matherr
 00D2:257A       __aFahdiff
 00D2:262A       $i8_output
 00D2:272A       __fltinf
 00D2:2751       __fltin
 00D2:27FD       $i8_input
 00D2:2AF3       $i8_tmul
 00D2:2C59       $i8_tpwr10
 00D2:2C80       __Init80x87
 039B:0000       _copy_right
 039B:0074       _plc_exe_signature
 039B:0076       _plc_blk_linkage_ptr_tbl
 039B:007A       _plc_exe_fpmath_use_ptr
 039B:0084       __astart
 039B:016D       _bit_mask
 03B4:0000       __EmDataSeg
 03B5:0000       __wrt2err
 03B5:0000       plc9070_nmsghdr
 03B8:0006       EXE_NUM_PTR_ENTRIES
 03B8:0008       _li_mem
 03B8:0008       _lb_mem
 03B8:0008       _lw_mem
 03B8:000A       _L_TBL_DBG
 03B8:000C       _pb_mem
 03B8:000C       _pi_mem
 03B8:000C       _pw_mem
 03B8:000E       _P_TBL_DBG
 03B8:0010       _ri_mem
 03B8:0010       _rb_mem
 03B8:0010       _rw_mem
 03B8:0012       _R_TBL_DBG
 03B8:0014       _aib_mem
 03B8:0014       _aii_mem
 03B8:0014       _aiw_mem
 03B8:0016       _AI_TBL_DBG
 03B8:0018       _aqi_mem
 03B8:0018       _aqw_mem
 03B8:0018       _aqb_mem
 03B8:001A       _AQ_TBL_DBG
 03B8:001C       _ib_mem
 03B8:001E       _I_TBL_DBG
 03B8:0020       _qb_mem
 03B8:0022       _Q_TBL_DBG
 03B8:0024       _tb_mem
 03B8:0026       _T_TBL_DBG
 03B8:0028       _mb_mem
 03B8:002A       _M_TBL_DBG
 03B8:002C       _sab_mem
 03B8:002E       _SA_TBL_DBG
 03B8:0030       _sbb_mem
 03B8:0032       _SB_TBL_DBG
 03B8:0034       _scb_mem
 03B8:0036       _SC_TBL_DBG
 03B8:0038       _sb_mem
 03B8:003A       _S_TBL_DBG
 03B8:003C       _gb_mem
 03B8:003E       _G_TBL_DBG
 03B8:0040       _gab_mem
 03B8:0042       _GA_TBL_DBG
 03B8:0044       _gbb_mem
 03B8:0046       _GB_TBL_DBG
 03B8:0048       _gcb_mem
 03B8:004A       _GC_TBL_DBG
 03B8:004C       _gdb_mem
 03B8:004E       _GD_TBL_DBG
 03B8:0050       _geb_mem
 03B8:0052       _GE_TBL_DBG
 03B8:0054       _i_diag_mem
 03B8:0056       _I_DIAG_TBL_DBG
 03B8:0058       _q_diag_mem
 03B8:005A       _Q_DIAG_TBL_DBG
 03B8:005C       _i_trans_mem
 03B8:005E       _I_TRANS_TBL_DBG
 03B8:0060       _q_trans_mem
 03B8:0062       _Q_TRANS_TBL_DBG
 03B8:0064       _t_trans_mem
 03B8:0066       _T_TRANS_TBL_DBG
 03B8:0068       _m_trans_mem
 03B8:006A       _M_TRANS_TBL_DBG
 03B8:006C       _sa_trans_mem
 03B8:006E       _SA_TRANS_TBL_DBG
 03B8:0070       _sb_trans_mem
 03B8:0072       _SB_TRANS_TBL_DBG
 03B8:0074       _sc_trans_mem
 03B8:0076       _SC_TRANS_TBL_DBG
 03B8:0078       _s_trans_mem
 03B8:007A       _S_TRANS_TBL_DBG
 03B8:007C       _g_trans_mem
 03B8:007E       _G_TRANS_TBL_DBG
 03B8:0080       _ga_trans_mem
 03B8:0082       _GA_TRANS_TBL_DBG
 03B8:0084       _gb_trans_mem
 03B8:0086       _GB_TRANS_TBL_DBG
 03B8:0088       _gc_trans_mem
 03B8:008A       _GC_TRANS_TBL_DBG
 03B8:008C       _gd_trans_mem
 03B8:008E       _GD_TRANS_TBL_DBG
 03B8:0090       _ge_trans_mem
 03B8:0092       _GE_TRANS_TBL_DBG
 03B8:0094       _ai_diag_mem
 03B8:0096       _AI_DIAG_TBL_DBG
 03B8:0098       _aq_diag_mem
 03B8:009A       _AQ_DIAG_TBL_DBG
 03B8:009C       _rsb_mem
 03B8:009E       _RSB_TBL_DBG
 03B8:00A0       _sys_seg_tbl
 03B8:00A2       PLC_SYS_SEGSEL_TBL_DBG
 03B8:00A4       _sys_mem_sizes
 03B8:00A6       _PLC_SEGSEL_MEM_SIZES_DBG
 03B8:00A8       spares8
 03C5:00C8       _exe_run_already
 03C5:00C9       __atopsp
 03C5:00CB       __aexit_rtn
 03C5:00CE       __aintdiv
 03C5:00CE       _aintdiv
 03C5:00CE       __acfinfo
 03C5:00D2       __80x87int
 03C5:00D2       _80x87int
 03C5:00D6       __fac
 03C5:00E0       _errno
 03C5:00E2       __umaskval
 03C5:00E4       __pspadr
 03C5:00E6       __psp
 03C5:00E8       __osversion
 03C5:00E8       __osmajor
 03C5:00E8       __dosvermajor
 03C5:00E9       __osminor
 03C5:00E9       __dosverminor
 03C5:00EA       __osmode
 03C5:00EB       __cpumode
 03C5:00EC       __oserr
 03C5:00EC       __doserrno
 03C5:00EE       __osfile
 03C5:0102       __environ
 03C5:0106       __pgmptr
 03C5:0120       OpTab
 03C5:0158       __aaltstkovr
 03C5:015C       _STKHQQ
 03C5:015E       __cfltcvt_tab
 03C5:017A       __sigintseg
 03C5:017C       __sigintoff
 03C5:017E       __asizeC
 03C5:017F       __asizeD
 03C5:0180       __fpsigadr
 03C5:0184       __fctmp
 03C5:02EE       __fctopst
 03C5:0302       $i8_result
 03C5:0302       $i4_result
 03C5:030C       $i4_round_flag
 03C5:030D       $i4_round_exp
 03C5:030F       $i4_ac_hi
 03C5:0313       $i4_ac_lo
 03C5:0324       $i8_round_flag
 03C5:0325       $i8_round_exp
 03C5:0327       $i8_ac_hi
 03C5:032F       $i8_ac_lo
 03C5:03C8       __fcsp
 03C5:0404       __ctype
 03C5:0404       __ctype_
 03C5:0506       $i8_half
 03C5:050E       $i8_one
 03C5:0516       $i8_two
 03C5:051E       $i8_arg
 03C5:0526       $i8_temp
 03C5:052E       $i8_z
 03C5:0536       $i8_zz
 03C5:053E       $i8_pzz
 03C5:055F       $i8_log_hi
 03C5:0567       $i8_log_lo
 03C5:05FA       __HUGE
 03C5:0602       __matherr_flag
 03C5:0698       $i8_input_ws
 03C5:0699       $i8_implicit_exp
 03C5:06CC       _GMR_configuration_data
 03C5:06D0       __fpinit_
 03C5:06D0       __fpinit
 03C5:06DE       _exe_using_80x87
 03C5:06E2       __fpint87_addr
 03C5:06E6       ___aDBswpflg
 03C5:06E8       ___aDBswpchk
 03C5:06F2       cur_wrt2err_len
 03C5:06F4       wrt2err_str
 03C5:09A0       __edata
 03C5:09A0       _edata
 03C5:09B0       __mbac
 03C5:09B8       _end
 03C5:09B8       __end
 0000:9876  Abs  __acrtmsg
 0000:9876  Abs  __ldused
 0000:9876  Abs  __acrtused
 0000:9876  Abs  __fltused
 0000:D6D6  Abs  __aDBdoswp

Program entry point at 039B:0084
